error: transmuting a known null pointer into a function pointer
  --> tests/ui/comparison/src/transmute_null_to_fn.rs:6:23
   |
LL |         let x: fn() = std::mem::transmute(0 as *const u64);
   |                       ^^^^^^^^^^^^^^^^^^^^^^^^^^^^^^^^^^^^
   |
   = help: try wrapping your function pointer type in `Option<T>` instead, and using `None` as a null pointer value
   = note: `0 as *const u64` is known to be a null pointer, so transmuting it into a function pointer is undefined behavior
   = note: `-D rpl::transmute-null-to-fn` implied by `-D warnings`
   = help: to override `-D warnings` add `#[allow(rpl::transmute_null_to_fn)]`

error: transmuting a known null pointer into a function pointer
  --> tests/ui/comparison/src/transmute_null_to_fn.rs:10:23
   |
LL |         let x: fn() = std::mem::transmute(std::ptr::null::<u64>());
   |                       ^^^^^^^^^^^^^^^^^^^^^^^^^^^^^^^^^^^^^^^^^^^^
   |
   = help: try wrapping your function pointer type in `Option<T>` instead, and using `None` as a null pointer value
   = note: `std::ptr::null::<u64>()` is known to be a null pointer, so transmuting it into a function pointer is undefined behavior

error: transmuting a known null pointer into a function pointer
  --> tests/ui/comparison/src/transmute_null_to_fn.rs:39:23
   |
LL |         let x: fn() = std::mem::transmute(null_ptr);
   |                       ^^^^^^^^^^^^^^^^^^^^^^^^^^^^^
   |
   = help: try wrapping your function pointer type in `Option<T>` instead, and using `None` as a null pointer value
   = note: `0 as *const u64` is known to be a null pointer, so transmuting it into a function pointer is undefined behavior

error: transmuting a known null pointer into a function pointer
  --> tests/ui/comparison/src/transmute_null_to_fn.rs:46:23
   |
LL |         let x: fn() = std::mem::transmute(null_ptr);
   |                       ^^^^^^^^^^^^^^^^^^^^^^^^^^^^^
   |
   = help: try wrapping your function pointer type in `Option<T>` instead, and using `None` as a null pointer value
   = note: `std::ptr::null::<u64>()` is known to be a null pointer, so transmuting it into a function pointer is undefined behavior

error: aborting due to 4 previous errors

