error[E0133]: call to unsafe function `std::vec::Vec::<T, A>::set_len` is unsafe and requires unsafe block
  --> tests/ui/comparison/src/uninit_vec.rs:33:9
   |
LL |         v.set_len(len);
   |         ^^^^^^^^^^^^^^ call to unsafe function
   |
   = note: for more information, see <https://doc.rust-lang.org/nightly/edition-guide/rust-2024/unsafe-op-in-unsafe-fn.html>
   = note: consult the function's documentation for information on how to avoid undefined behavior
note: an unsafe function restricts its caller, but its body is safe by default
  --> tests/ui/comparison/src/uninit_vec.rs:32:5
   |
LL |     unsafe fn set_len<T>(v: &mut Vec<T>, len: usize) {
   |     ^^^^^^^^^^^^^^^^^^^^^^^^^^^^^^^^^^^^^^^^^^^^^^^^
   = note: `-D unsafe-op-in-unsafe-fn` implied by `-D warnings`
   = help: to override `-D warnings` add `#[allow(unsafe_op_in_unsafe_fn)]`

error[E0133]: call to unsafe function `std::vec::Vec::<T, A>::set_len` is unsafe and requires unsafe block
  --> tests/ui/comparison/src/uninit_vec.rs:51:9
   |
LL |         v.set_len(len);
   |         ^^^^^^^^^^^^^^ call to unsafe function
   |
   = note: for more information, see <https://doc.rust-lang.org/nightly/edition-guide/rust-2024/unsafe-op-in-unsafe-fn.html>
   = note: consult the function's documentation for information on how to avoid undefined behavior
note: an unsafe function restricts its caller, but its body is safe by default
  --> tests/ui/comparison/src/uninit_vec.rs:50:5
   |
LL |     unsafe fn set_len<T>(v: &mut Vec<T>, len: usize) {
   |     ^^^^^^^^^^^^^^^^^^^^^^^^^^^^^^^^^^^^^^^^^^^^^^^^

error: aborting due to 2 previous errors

For more information about this error, try `rustc --explain E0133`.
