error: this call for this type may be undefined behavior
  --> tests/ui/comparison/src/uninit_assumed_init.rs:6:51
   |
LL |     let x: usize = unsafe { MaybeUninit::uninit().assume_init() };
   |                                                   ^^^^^^^^^^^^^
   |
   = note: `-D rpl::uninit-assumed-init` implied by `-D warnings`
   = help: to override `-D warnings` add `#[allow(rpl::uninit_assumed_init)]`

error: this call for this type may be undefined behavior
  --> tests/ui/comparison/src/uninit_assumed_init.rs:16:38
   |
LL |     let x: usize = unsafe { uninit().assume_init() };
   |                                      ^^^^^^^^^^^^^

error: this call for this type may be undefined behavior
  --> tests/ui/comparison/src/uninit_assumed_init.rs:26:29
   |
LL |     let x: usize = unsafe { assume_init(MaybeUninit::uninit()) };
   |                             ^^^^^^^^^^^^^^^^^^^^^^^^^^^^^^^^^^

error: this call for this type may be undefined behavior
  --> tests/ui/comparison/src/uninit_assumed_init.rs:34:42
   |
LL |     let x: usize = unsafe { maybe_uninit.assume_init() };
   |                                          ^^^^^^^^^^^^^

error: aborting due to 4 previous errors

