error: mutable borrow from immutable input(s)
  --> tests/ui/cross-stmt-and-func-comparison-with-clippy/src/mut_from_ref.rs:3:14
   |
LL | fn base_case(x: &u32) -> &mut u16 {
   |              ^
   |
note: immutable borrow here
  --> tests/ui/cross-stmt-and-func-comparison-with-clippy/src/mut_from_ref.rs:3:26
   |
LL | fn base_case(x: &u32) -> &mut u16 {
   |                          ^^^^^^^^
   = note: `-D rpl::mut-from-ref` implied by `-D warnings`
   = help: to override `-D warnings` add `#[allow(rpl::mut_from_ref)]`

error: aborting due to 1 previous error

