error: transmuting a known null pointer into a function pointer
  --> tests/ui/cross-stmt-and-func-comparison-with-clippy/src/transmute_null_to_fn.rs:8:23
   |
LL |         let x: fn() = std::mem::transmute(0 as *const u64);
   |                       ^^^^^^^^^^^^^^^^^^^^^^^^^^^^^^^^^^^^
   |
   = help: try wrapping your function pointer type in `Option<T>` instead, and using `None` as a null pointer value
   = note: `0 as *const u64` is known to be a null pointer, so transmuting it into a function pointer is undefined behavior
   = note: `-D rpl::transmute-null-to-fn` implied by `-D warnings`
   = help: to override `-D warnings` add `#[allow(rpl::transmute_null_to_fn)]`

error: transmuting a known null pointer into a function pointer
  --> tests/ui/cross-stmt-and-func-comparison-with-clippy/src/transmute_null_to_fn.rs:12:23
   |
LL |         let x: fn() = std::mem::transmute(std::ptr::null::<u64>());
   |                       ^^^^^^^^^^^^^^^^^^^^^^^^^^^^^^^^^^^^^^^^^^^^
   |
   = help: try wrapping your function pointer type in `Option<T>` instead, and using `None` as a null pointer value
   = note: `{0x0 as *const u64}` is known to be a null pointer, so transmuting it into a function pointer is undefined behavior

error: transmuting a known null pointer into a function pointer
  --> tests/ui/cross-stmt-and-func-comparison-with-clippy/src/transmute_null_to_fn.rs:27:23
   |
LL |         let x: fn() = std::mem::transmute(const_null_ptr::<u64>());
   |                       ^^^^^^^^^^^^^^^^^^^^^^^^^^^^^^^^^^^^^^^^^^^^
   |
   = help: try wrapping your function pointer type in `Option<T>` instead, and using `None` as a null pointer value
   = note: `{0x0 as *const u64}` is known to be a null pointer, so transmuting it into a function pointer is undefined behavior

error: transmuting a known null pointer into a function pointer
  --> tests/ui/cross-stmt-and-func-comparison-with-clippy/src/transmute_null_to_fn.rs:31:23
   |
LL |         let x: fn() = std::mem::transmute(null_ptr::<u64>());
   |                       ^^^^^^^^^^^^^^^^^^^^^^^^^^^^^^^^^^^^^^
   |
   = help: try wrapping your function pointer type in `Option<T>` instead, and using `None` as a null pointer value
   = note: `{0x0 as *const u64}` is known to be a null pointer, so transmuting it into a function pointer is undefined behavior

error: transmuting a known null pointer into a function pointer
  --> tests/ui/cross-stmt-and-func-comparison-with-clippy/src/transmute_null_to_fn.rs:41:23
   |
LL |         let x: fn() = std::mem::transmute(null_ptr);
   |                       ^^^^^^^^^^^^^^^^^^^^^^^^^^^^^
   |
   = help: try wrapping your function pointer type in `Option<T>` instead, and using `None` as a null pointer value
   = note: `0 as *const u64` is known to be a null pointer, so transmuting it into a function pointer is undefined behavior

error: transmuting a known null pointer into a function pointer
  --> tests/ui/cross-stmt-and-func-comparison-with-clippy/src/transmute_null_to_fn.rs:48:23
   |
LL |         let x: fn() = std::mem::transmute(null_ptr);
   |                       ^^^^^^^^^^^^^^^^^^^^^^^^^^^^^
   |
   = help: try wrapping your function pointer type in `Option<T>` instead, and using `None` as a null pointer value
   = note: `null_ptr` is known to be a null pointer, so transmuting it into a function pointer is undefined behavior

error: aborting due to 6 previous errors

