error: offset calculation on zero-sized value
  --> tests/ui/cross-stmt-and-func-comparison-with-clippy/src/zero_offset.rs:11:17
   |
LL |         let n = m.offset(0);
   |                 ^^^^^^^^^^^
   |
   = note: `()` is a zero-sized type, offsetting a pointer to it will always yield the same address
   = note: `#[deny(rpl::zst_offset)]` on by default

error: offset calculation on zero-sized value
  --> tests/ui/cross-stmt-and-func-comparison-with-clippy/src/zero_offset.rs:15:17
   |
LL |         let n = m.wrapping_add(0);
   |                 ^^^^^^^^^^^^^^^^^
   |
   = note: `()` is a zero-sized type, offsetting a pointer to it will always yield the same address

error: aborting due to 2 previous errors

