error: it violates the precondition of `Vec::set_len` to extend a `Vec`'s length without initializing its content in advance
  --> tests/ui/cve_2019_16138/cve_2019_16138_not_inlined.rs:8:9
   |
LL |     let mut ret: Vec<(u8, u8, u8)> = Vec::with_capacity(pixel_count);
   |                                      ------------------------------- `Vec` created here
LL |     unsafe {
LL |         ret.set_len(pixel_count);
   |         ^^^^^^^^^^^^^^^^^^^^^^^^ `Vec::set_len` called here
   |
   = help: before calling `set_len` to extend its length, make sure all elements are initialized, using such as `spare_capacity_mut` or `as_mut_ptr`
   = note: `-D rpl::set-len-uninitialized` implied by `-D warnings`
   = help: to override `-D warnings` add `#[allow(rpl::set_len_uninitialized)]`

error: aborting due to 1 previous error

