error: replacing with `mem::uninitialized()`
  --> tests/ui/clippy/repl_uninit.rs:26:23
   |
LL |         let taken_v = mem::replace(&mut v, mem::MaybeUninit::uninit().assume_init());
   |                       ^^^^^^^^^^^^^^^^^^^^^^^^^^^^^^^^^^^^^^^^^^^^^^^^^^^^^^^^^^^^^^ help: consider using: `std::ptr::read(&mut v)`
   |
   = note: `-D rpl::mem-replace-with-uninit` implied by `-D warnings`
   = help: to override `-D warnings` add `#[allow(rpl::mem_replace_with_uninit)]`

error: aborting due to 1 previous error

