error: transmuting a known null pointer into a function pointer
  --> tests/ui/clippy/transmute_null_to_fn.rs:9:23
   |
LL |         let _: fn() = std::mem::transmute(0 as *const ());
   |                       ^^^^^^^^^^^^^^^^^^^^^^^^^^^^^^^^^^^
   |
   = help: try wrapping your function pointer type in `Option<T>` instead, and using `None` as a null pointer value
   = note: `0 as *const ()` is known to be a null pointer, so transmuting it into a function pointer is undefined behavior
   = note: `-D rpl::transmute-null-to-fn` implied by `-D warnings`
   = help: to override `-D warnings` add `#[allow(rpl::transmute_null_to_fn)]`

error: transmuting a known null pointer into a function pointer
  --> tests/ui/clippy/transmute_null_to_fn.rs:12:23
   |
LL |         let _: fn() = std::mem::transmute(std::ptr::null::<()>());
   |                       ^^^^^^^^^^^^^^^^^^^^^^^^^^^^^^^^^^^^^^^^^^^
   |
   = help: try wrapping your function pointer type in `Option<T>` instead, and using `None` as a null pointer value
   = note: `std::ptr::null::<()>()` is known to be a null pointer, so transmuting it into a function pointer is undefined behavior

error: transmuting a known null pointer into a function pointer
  --> tests/ui/clippy/transmute_null_to_fn.rs:23:23
   |
LL |         let _: fn() = std::mem::transmute(ZPTR);
   |                       ^^^^^^^^^^^^^^^^^^^^^^^^^
   |
   = help: try wrapping your function pointer type in `Option<T>` instead, and using `None` as a null pointer value
   = note: `ZPTR` is known to be a null pointer, so transmuting it into a function pointer is undefined behavior

error: transmuting a known null pointer into a function pointer
  --> tests/ui/clippy/transmute_null_to_fn.rs:40:23
   |
LL |         let _: fn() = std::mem::transmute(ZPTR as *const u8);
   |                       ^^^^^^^^^^^^^^^^^^^^^^^^^^^^^^^^^^^^^^
   |
   = help: try wrapping your function pointer type in `Option<T>` instead, and using `None` as a null pointer value
   = note: `ZPTR as *const u8` is known to be a null pointer, so transmuting it into a function pointer is undefined behavior

error: transmuting a known null pointer into a function pointer
  --> tests/ui/clippy/transmute_null_to_fn.rs:34:23
   |
LL |         let _: fn() = std::mem::transmute(0 as *const u8 as *const ());
   |                       ^^^^^^^^^^^^^^^^^^^^^^^^^^^^^^^^^^^^^^^^^^^^^^^^
   |
   = help: try wrapping your function pointer type in `Option<T>` instead, and using `None` as a null pointer value
   = note: `0 as *const u8 as *const ()` is known to be a null pointer, so transmuting it into a function pointer is undefined behavior

error: transmuting a known null pointer into a function pointer
  --> tests/ui/clippy/transmute_null_to_fn.rs:37:23
   |
LL |         let _: fn() = std::mem::transmute(std::ptr::null::<()>() as *const u8);
   |                       ^^^^^^^^^^^^^^^^^^^^^^^^^^^^^^^^^^^^^^^^^^^^^^^^^^^^^^^^
   |
   = help: try wrapping your function pointer type in `Option<T>` instead, and using `None` as a null pointer value
   = note: `std::ptr::null::<()>()` is known to be a null pointer, so transmuting it into a function pointer is undefined behavior

error: aborting due to 6 previous errors

